
> sih-final@0.1.0 dev
> next dev

▲ Next.js 16.3.5 (Turbopack)
- Local:         http://localhost:3000
- Network:       http://172.16.0.2:3000
- Environments: .env.local, .env
✓ Ready in 6.4s
✓ Running next.config.ts took 542ms

 GET / 200 in 1746ms (next.js: 1179ms, application-code: 567ms)
 GET /surface 404 in 1744ms (next.js: 1228ms, application-code: 515ms)
⨯ ./app/layout.tsx:4:1
Error: Module not found: Can't resolve '@/lib/utils'
  [90m2 |[0m [36mimport[0m { [33mIBM_Plex_Sans[0m, [33mIBM_Plex_Mono[0m, [33mSource_Serif_4[0m, [33mGeist[0m } [36mfrom[0m [32m"next/font/google"[0m;
  [90m3 |[0m [36mimport[0m [32m"./globals.css"[0m;
[31m[1m>[0m [90m4 |[0m [36mimport[0m { cn } [36mfrom[0m [32m"@/lib/utils"[0m;
  [90m  |[0m [31m[1m^^^^^^^^^^^^^^^^^^^^^^^^^^^^^^^^^[0m
  [90m5 |[0m
  [90m6 |[0m [36mconst[0m geist = [33mGeist[0m({subsets:[[32m'latin'[0m],variable:[32m'--font-sans'[0m});
  [90m7 |[0m

Import map: aliased to relative './lib/utils' inside of [project]/


https://nextjs.org/docs/messages/module-not-found


⨯ ./app/layout.tsx:4:1
Error: Module not found: Can't resolve '@/lib/utils'
  [90m2 |[0m [36mimport[0m { [33mIBM_Plex_Sans[0m, [33mIBM_Plex_Mono[0m, [33mSource_Serif_4[0m, [33mGeist[0m } [36mfrom[0m [32m"next/font/google"[0m;
  [90m3 |[0m [36mimport[0m [32m"./globals.css"[0m;
[31m[1m>[0m [90m4 |[0m [36mimport[0m { cn } [36mfrom[0m [32m"@/lib/utils"[0m;
  [90m  |[0m [31m[1m^^^^^^^^^^^^^^^^^^^^^^^^^^^^^^^^^[0m
  [90m5 |[0m
  [90m6 |[0m [36mconst[0m geist = [33mGeist[0m({subsets:[[32m'latin'[0m],variable:[32m'--font-sans'[0m});
  [90m7 |[0m

Import map: aliased to relative './lib/utils' inside of [project]/


https://nextjs.org/docs/messages/module-not-found


⨯ ./app/layout.tsx:4:1
Error: Module not found: Can't resolve '@/lib/utils'
  [90m2 |[0m [36mimport[0m { [33mIBM_Plex_Sans[0m, [33mIBM_Plex_Mono[0m, [33mSource_Serif_4[0m, [33mGeist[0m } [36mfrom[0m [32m"next/font/google"[0m;
  [90m3 |[0m [36mimport[0m [32m"./globals.css"[0m;
[31m[1m>[0m [90m4 |[0m [36mimport[0m { cn } [36mfrom[0m [32m"@/lib/utils"[0m;
  [90m  |[0m [31m[1m^^^^^^^^^^^^^^^^^^^^^^^^^^^^^^^^^[0m
  [90m5 |[0m
  [90m6 |[0m [36mconst[0m geist = [33mGeist[0m({subsets:[[32m'latin'[0m],variable:[32m'--font-sans'[0m});
  [90m7 |[0m

Import map: aliased to relative './lib/utils' inside of [project]/


https://nextjs.org/docs/messages/module-not-found


⨯ ./app/layout.tsx:4:1
Error: Module not found: Can't resolve '@/lib/utils'
  [90m2 |[0m [36mimport[0m { [33mIBM_Plex_Sans[0m, [33mIBM_Plex_Mono[0m, [33mSource_Serif_4[0m, [33mGeist[0m } [36mfrom[0m [32m"next/font/google"[0m;
  [90m3 |[0m [36mimport[0m [32m"./globals.css"[0m;
[31m[1m>[0m [90m4 |[0m [36mimport[0m { cn } [36mfrom[0m [32m"@/lib/utils"[0m;
  [90m  |[0m [31m[1m^^^^^^^^^^^^^^^^^^^^^^^^^^^^^^^^^[0m
  [90m5 |[0m
  [90m6 |[0m [36mconst[0m geist = [33mGeist[0m({subsets:[[32m'latin'[0m],variable:[32m'--font-sans'[0m});
  [90m7 |[0m

Import map: aliased to relative './lib/utils' inside of [project]/


https://nextjs.org/docs/messages/module-not-found


 GET / 200 in 337ms (next.js: 134ms, application-code: 204ms)
 GET /api/index?days=30 502 in 322ms (next.js: 120ms, application-code: 202ms)
 GET /api/public/summary 502 in 323ms (next.js: 207ms, application-code: 116ms)
 GET /api/anomalies 502 in 325ms (next.js: 282ms, application-code: 43ms)
 GET /api/index?days=30 502 in 62ms (next.js: 8ms, application-code: 54ms)
 GET /api/public/summary 502 in 64ms (next.js: 28ms, application-code: 36ms)
 GET /api/anomalies 502 in 66ms (next.js: 45ms, application-code: 21ms)
 GET / 200 in 64ms (next.js: 12ms, application-code: 52ms)
 GET / 200 in 107ms (next.js: 18ms, application-code: 89ms)
 GET /api/anomalies 200 in 2.1s (next.js: 38ms, application-code: 2.1s)
 GET /api/index?days=30 200 in 2.6s (next.js: 14ms, application-code: 2.6s)
 GET /api/public/summary 200 in 3.5s (next.js: 9ms, application-code: 3.5s)
 GET /api/anomalies 200 in 1806ms (next.js: 14ms, application-code: 1792ms)
 GET /api/index?days=30 200 in 1527ms (next.js: 26ms, application-code: 1501ms)
 GET /api/public/summary 200 in 2.8s (next.js: 27ms, application-code: 2.7s)
 GET /api/backtest?days=30 200 in 1556ms (next.js: 91ms, application-code: 1465ms)
 GET /api/backtest?days=30 200 in 1526ms (next.js: 12ms, application-code: 1515ms)
 GET /api/index?days=30 200 in 1092ms (next.js: 7ms, application-code: 1086ms)
 GET /api/anomalies 200 in 1169ms (next.js: 23ms, application-code: 1146ms)
 GET /api/public/summary 200 in 1882ms (next.js: 6ms, application-code: 1876ms)
 GET /api/index?days=30 200 in 1041ms (next.js: 7ms, application-code: 1034ms)
 GET /api/anomalies 200 in 1825ms (next.js: 6ms, application-code: 1819ms)
 GET /api/public/summary 200 in 2.5s (next.js: 10ms, application-code: 2.5s)
⨯ ReferenceError: plexSans is not defined
    at RootLayout (app\layout.tsx:37:46)
  35 |     <html
  36 |       lang="en"
> 37 |       className={cn("h-full", "antialiased", plexSans.variable, plexMono.variable, sourceSerif.variable, "font-sans")}
     |                                              ^
  38 |     >
  39 |       <body className="min-h-full flex flex-col font-sans">{children}</body>
  40 |     </html> {
  digest: '2152733044'
}
 GET / 200 in 72ms (next.js: 22ms, application-code: 50ms)
 GET / 200 in 32ms (next.js: 8ms, application-code: 24ms)
 GET /api/anomalies 200 in 956ms (next.js: 15ms, application-code: 941ms)
 GET /api/index?days=30 200 in 1115ms (next.js: 4ms, application-code: 1110ms)
 GET /api/public/summary 200 in 1910ms (next.js: 6ms, application-code: 1904ms)
 GET /api/anomalies 200 in 1051ms (next.js: 4ms, application-code: 1047ms)
 GET /api/index?days=30 200 in 1060ms (next.js: 7ms, application-code: 1053ms)
 GET /api/public/summary 200 in 2.4s (next.js: 9ms, application-code: 2.4s)
✓ Compiled in 142ms
✓ Compiled in 81ms
 GET / 200 in 43ms (next.js: 19ms, application-code: 24ms)
✓ Compiled in 93ms
 GET / 200 in 36ms (next.js: 12ms, application-code: 25ms)
✓ Compiled in 131ms
 GET / 200 in 56ms (next.js: 17ms, application-code: 39ms)
 GET / 200 in 25ms (next.js: 10ms, application-code: 16ms)
✓ Compiled in 97ms
 GET / 200 in 30ms (next.js: 11ms, application-code: 18ms)
✓ Compiled in 75ms
✓ Compiled in 93ms
 GET / 200 in 31ms (next.js: 12ms, application-code: 19ms)
 GET / 200 in 37ms (next.js: 16ms, application-code: 21ms)
✓ Compiled in 78ms
 GET / 200 in 24ms (next.js: 11ms, application-code: 13ms)
✓ Compiled in 93ms
✓ Compiled in 78ms
 GET / 200 in 19ms (next.js: 7ms, application-code: 12ms)
 GET / 200 in 30ms (next.js: 11ms, application-code: 19ms)
✓ Compiled in 94ms
✓ Compiled in 102ms
 GET / 200 in 19ms (next.js: 7ms, application-code: 12ms)
 GET / 200 in 24ms (next.js: 9ms, application-code: 15ms)
✓ Compiled in 83ms
 GET / 200 in 110ms (next.js: 13ms, application-code: 97ms)
 GET /api/fares?route=DEL-BOM&window=T+45&limit=15 200 in 3.0s (next.js: 683ms, application-code: 2.3s)
 GET /api/fares?route=DEL-BOM&window=T+7&limit=15 200 in 3.4s (next.js: 681ms, application-code: 2.7s)
 GET /api/fares?route=DEL-BOM&window=T+7&limit=30 200 in 4.2s (next.js: 668ms, application-code: 3.6s)
 GET /api/fares?route=DEL-BOM&window=T+15&limit=15 200 in 4.4s (next.js: 640ms, application-code: 3.7s)
 GET /api/fares?route=DEL-BOM&window=T+30&limit=15 200 in 4.4s (next.js: 701ms, application-code: 3.7s)
 GET /api/fares?route=DEL-BOM&window=T+1&limit=15 200 in 4.7s (next.js: 631ms, application-code: 4.0s)
 GET /api/fares?route=DEL-BOM&window=T+45&limit=15 200 in 1643ms (next.js: 45ms, application-code: 1598ms)
 GET /api/fares?route=DEL-BOM&window=T+7&limit=30 200 in 1327ms (next.js: 7ms, application-code: 1320ms)
 GET /api/fares?route=DEL-BOM&window=T+30&limit=15 200 in 1704ms (next.js: 36ms, application-code: 1668ms)
 GET /api/fares?route=DEL-BOM&window=T+1&limit=15 200 in 1610ms (next.js: 8ms, application-code: 1602ms)
 GET /api/fares?route=DEL-BOM&window=T+15&limit=15 200 in 1889ms (next.js: 19ms, application-code: 1870ms)
 GET /api/fares?route=DEL-BOM&window=T+7&limit=15 200 in 3.2s (next.js: 6ms, application-code: 3.2s)
 GET /api/fares?route=DEL-GOI&window=T+7&limit=30 404 in 3.1s (next.js: 18ms, application-code: 3.1s)
 GET /api/fares?route=DEL-GOI&window=T+7&limit=15 404 in 3.3s (next.js: 86ms, application-code: 3.2s)
 GET /api/fares?route=DEL-GOI&window=T+15&limit=15 404 in 3.4s (next.js: 125ms, application-code: 3.3s)
 GET /api/fares?route=DEL-GOI&window=T+45&limit=15 404 in 3.3s (next.js: 29ms, application-code: 3.2s)
 GET /api/fares?route=DEL-GOI&window=T+1&limit=15 404 in 3.7s (next.js: 56ms, application-code: 3.6s)
 GET /api/fares?route=DEL-GOI&window=T+30&limit=15 404 in 4.9s (next.js: 10ms, application-code: 4.9s)
 GET /api/fares?route=BLR-GOI&window=T+7&limit=30 404 in 2.1s (next.js: 16ms, application-code: 2.1s)
 GET /api/fares?route=BLR-GOI&window=T+7&limit=15 404 in 2.1s (next.js: 69ms, application-code: 2.1s)
 GET /api/fares?route=BLR-GOI&window=T+1&limit=15 404 in 2.2s (next.js: 41ms, application-code: 2.2s)
 GET /api/fares?route=BLR-GOI&window=T+15&limit=15 404 in 2.2s (next.js: 80ms, application-code: 2.1s)
 GET /api/fares?route=BLR-GOI&window=T+30&limit=15 404 in 2.2s (next.js: 106ms, application-code: 2.1s)
 GET /api/fares?route=BLR-GOI&window=T+45&limit=15 404 in 3.7s (next.js: 134ms, application-code: 3.6s)
 GET /api/fares?route=BLR-GOI&window=T+30&limit=30 404 in 1874ms (next.js: 9ms, application-code: 1865ms)
 GET /api/fares?route=BLR-BOM&window=T+30&limit=30 404 in 1958ms (next.js: 16ms, application-code: 1943ms)
 GET /api/fares?route=BLR-BOM&window=T+45&limit=15 404 in 2.1s (next.js: 123ms, application-code: 2.0s)
 GET /api/fares?route=BLR-BOM&window=T+1&limit=15 404 in 2.3s (next.js: 38ms, application-code: 2.3s)
 GET /api/fares?route=BLR-BOM&window=T+7&limit=15 404 in 2.4s (next.js: 65ms, application-code: 2.3s)
 GET /api/fares?route=BLR-BOM&window=T+15&limit=15 404 in 2.5s (next.js: 81ms, application-code: 2.4s)
 GET /api/fares?route=BLR-BOM&window=T+30&limit=15 404 in 4.2s (next.js: 101ms, application-code: 4.1s)
 GET / 200 in 39ms (next.js: 14ms, application-code: 24ms)
✓ Compiled in 154ms
 GET / 200 in 30ms (next.js: 11ms, application-code: 19ms)
✓ Compiled in 97ms
 GET /api/fares?route=DEL-BOM&window=T+7&limit=30 200 in 1483ms (next.js: 3ms, application-code: 1480ms)
 GET /api/fares?route=DEL-BOM&window=T+15&limit=15 200 in 1585ms (next.js: 3ms, application-code: 1581ms)
 GET /api/fares?route=DEL-BOM&window=T+1&limit=15 200 in 1667ms (next.js: 10ms, application-code: 1657ms)
 GET /api/fares?route=DEL-BOM&window=T+7&limit=15 200 in 1815ms (next.js: 34ms, application-code: 1780ms)
 GET /api/fares?route=DEL-BOM&window=T+7&limit=30 200 in 1411ms (next.js: 8ms, application-code: 1403ms)
 GET /api/fares?route=DEL-BOM&window=T+1&limit=15 200 in 1263ms (next.js: 6ms, application-code: 1257ms)
 GET /api/fares?route=DEL-BOM&window=T+30&limit=15 200 in 3.2s (next.js: 9ms, application-code: 3.2s)
 GET /api/metadata/routes 200 in 3.5s (next.js: 546ms, application-code: 2.9s)
 GET /api/fares?route=DEL-BOM&window=T+45&limit=15 200 in 2.7s (next.js: 9ms, application-code: 2.7s)
 GET /api/fares?route=DEL-BOM&window=T+7&limit=15 200 in 1420ms (next.js: 9ms, application-code: 1411ms)
 GET /api/fares?route=DEL-BOM&window=T+15&limit=15 200 in 2.9s (next.js: 9ms, application-code: 2.9s)
 GET /api/fares?route=DEL-BOM&window=T+30&limit=15 200 in 1388ms (next.js: 3ms, application-code: 1386ms)
 GET /api/metadata/routes 200 in 1594ms (next.js: 8ms, application-code: 1587ms)
 GET /api/fares?route=DEL-BOM&window=T+45&limit=15 200 in 1243ms (next.js: 3ms, application-code: 1240ms)
 GET / 200 in 22ms (next.js: 9ms, application-code: 13ms)
✓ Compiled in 89ms
 GET /api/fares?route=DEL-BOM&window=T+1&limit=15 200 in 1881ms (next.js: 4ms, application-code: 1877ms)
 GET /api/metadata/routes 200 in 2.0s (next.js: 3ms, application-code: 2.0s)
 GET /api/fares?route=DEL-BOM&window=T+15&limit=15 200 in 2.0s (next.js: 17ms, application-code: 2.0s)
 GET /api/fares?route=DEL-BOM&window=T+7&limit=30 200 in 2.3s (next.js: 4ms, application-code: 2.3s)
 GET /api/fares?route=DEL-BOM&window=T+30&limit=15 200 in 3.2s (next.js: 12ms, application-code: 3.2s)
 GET /api/fares?route=DEL-BOM&window=T+1&limit=15 200 in 1304ms (next.js: 7ms, application-code: 1297ms)
 GET /api/fares?route=DEL-BOM&window=T+15&limit=15 200 in 1271ms (next.js: 4ms, application-code: 1267ms)
 GET /api/fares?route=DEL-BOM&window=T+7&limit=15 200 in 3.6s (next.js: 10ms, application-code: 3.6s)
 GET /api/fares?route=DEL-BOM&window=T+45&limit=15 200 in 2.6s (next.js: 7ms, application-code: 2.6s)
 GET /api/fares?route=DEL-BOM&window=T+7&limit=30 200 in 1415ms (next.js: 10ms, application-code: 1405ms)
 GET /api/fares?route=DEL-BOM&window=T+30&limit=15 200 in 1395ms (next.js: 8ms, application-code: 1387ms)
 GET /api/metadata/routes 200 in 2.7s (next.js: 5ms, application-code: 2.7s)
 GET /api/fares?route=DEL-BOM&window=T+7&limit=15 200 in 1507ms (next.js: 8ms, application-code: 1499ms)
 GET /api/fares?route=DEL-BOM&window=T+45&limit=15 200 in 1253ms (next.js: 8ms, application-code: 1245ms)
[browser] Uncaught ReferenceError: setToCity is not defined
    at onChange (components/RouteExplorerView.tsx:201:34)
    at select (<anonymous>)
    at RouteExplorerView (components/RouteExplorerView.tsx:199:15)
    at Page (app/page.tsx:45:36)
  199 |               <select
  200 |                 value={toCity}
> 201 |                 onChange={(e) => setToCity(e.target.value)}
      |                                  ^
  202 |                 className="w-full pl-9 pr-3 py-2 text-xs border border-ink-200 rounded-lg bg-white focus:outline-none focus:border-navy-700 focus:ring-1 focus:ring-navy-700"
  203 |               >
  204 |                 <option value="BOM">Mumbai (BOM)</option>
✓ Compiled in 403ms
 GET / 200 in 87ms (next.js: 21ms, application-code: 66ms)
 GET /api/anomalies 200 in 2.1s (next.js: 82ms, application-code: 2.0s)
 GET /api/index?days=30 200 in 2.5s (next.js: 68ms, application-code: 2.4s)
 GET /api/anomalies 200 in 1622ms (next.js: 5ms, application-code: 1617ms)
 GET /api/public/summary 200 in 3.8s (next.js: 23ms, application-code: 3.8s)
 GET /api/index?days=30 200 in 2.2s (next.js: 12ms, application-code: 2.2s)
 GET /api/public/summary 200 in 3.8s (next.js: 11ms, application-code: 3.8s)
 GET / 200 in 22ms (next.js: 8ms, application-code: 14ms)
✓ Compiled in 130ms
 GET /api/metadata/routes 200 in 1490ms (next.js: 3ms, application-code: 1487ms)
 GET /api/fares?route=DEL-PNQ&window=T+7&limit=5 200 in 1439ms (next.js: 5ms, application-code: 1435ms)
✓ Compiled in 95ms
 GET /api/backtest?days=30 200 in 4.7s (next.js: 11ms, application-code: 4.7s)
 GET /api/fares?route=DEL-BOM&window=T+30&limit=15 200 in 3.1s (next.js: 88ms, application-code: 3.0s)
 GET /api/fares?route=DEL-BOM&window=T+7&limit=30 200 in 3.1s (next.js: 108ms, application-code: 3.0s)
 GET /api/fares?route=DEL-BOM&window=T+15&limit=15 200 in 3.6s (next.js: 15ms, application-code: 3.6s)
 GET /api/metadata/routes 200 in 3.9s (next.js: 61ms, application-code: 3.8s)
 GET /api/fares?route=DEL-BOM&window=T+7&limit=15 200 in 3.9s (next.js: 37ms, application-code: 3.9s)
 GET /api/fares?route=DEL-BOM&window=T+1&limit=15 200 in 2.8s (next.js: 23ms, application-code: 2.7s)
 GET /api/fares?route=DEL-BOM&window=T+45&limit=15 200 in 1979ms (next.js: 19ms, application-code: 1961ms)
 GET /api/fares?route=DEL-BOM&window=T+30&limit=15 200 in 1615ms (next.js: 7ms, application-code: 1609ms)
 GET /api/backtest?days=30 200 in 2.8s (next.js: 6ms, application-code: 2.8s)
 GET /api/fares?route=DEL-BOM&window=T+15&limit=15 200 in 1843ms (next.js: 15ms, application-code: 1828ms)
 GET /api/fares?route=DEL-BOM&window=T+7&limit=30 200 in 2.9s (next.js: 7ms, application-code: 2.9s)
 GET /api/metadata/routes 200 in 1931ms (next.js: 6ms, application-code: 1925ms)
 GET /api/fares?route=DEL-BOM&window=T+7&limit=15 200 in 1538ms (next.js: 8ms, application-code: 1530ms)
 GET /api/index/daily 200 in 3.7s (next.js: 571ms, application-code: 3.1s)
 GET /api/fares?route=DEL-BOM&window=T+45&limit=15 200 in 1417ms (next.js: 9ms, application-code: 1407ms)
 GET /api/fares?route=DEL-BOM&window=T+1&limit=15 200 in 1572ms (next.js: 6ms, application-code: 1566ms)
 GET /api/pipeline/clean 200 in 593ms (next.js: 281ms, application-code: 312ms)
 GET /api/pipeline/clean 200 in 376ms (next.js: 7ms, application-code: 368ms)
 GET /api/index/daily 200 in 2.3s (next.js: 16ms, application-code: 2.2s)
 GET /api/index/daily 200 in 2.3s (next.js: 7ms, application-code: 2.3s)
 GET /api/index/daily 200 in 1951ms (next.js: 17ms, application-code: 1934ms)
✓ Compiled in 351ms
 GET / 200 in 58ms (next.js: 20ms, application-code: 38ms)
