INFO:     Started server process [56344]
INFO:     Waiting for application startup.
INFO:     Application startup complete.
INFO:     Uvicorn running on http://0.0.0.0:8001 (Press CTRL+C to quit)
INFO:     127.0.0.1:64908 - "GET /api/health HTTP/1.1" 200 OK
INFO:     127.0.0.1:62625 - "GET /api/public/anomalies?days=90 HTTP/1.1" 200 OK
INFO:     127.0.0.1:62626 - "GET /api/backtest/dgca-comparison?days=30 HTTP/1.1" 200 OK
INFO:     127.0.0.1:62627 - "GET /api/public/summary HTTP/1.1" 200 OK
INFO:     127.0.0.1:62625 - "GET /api/public/anomalies?days=90 HTTP/1.1" 200 OK
INFO:     127.0.0.1:62626 - "GET /api/backtest/dgca-comparison?days=30 HTTP/1.1" 200 OK
INFO:     127.0.0.1:62627 - "GET /api/public/summary HTTP/1.1" 200 OK
INFO:     127.0.0.1:58928 - "GET /api/backtest/dgca-comparison?days=30 HTTP/1.1" 200 OK
INFO:     127.0.0.1:58928 - "GET /api/backtest/dgca-comparison?days=30 HTTP/1.1" 200 OK
INFO:     127.0.0.1:57982 - "GET /api/backtest/dgca-comparison?days=30 HTTP/1.1" 200 OK
INFO:     127.0.0.1:57986 - "GET /api/public/anomalies?days=90 HTTP/1.1" 200 OK
INFO:     127.0.0.1:57985 - "GET /api/public/summary HTTP/1.1" 200 OK
INFO:     127.0.0.1:58928 - "GET /api/backtest/dgca-comparison?days=30 HTTP/1.1" 200 OK
INFO:     127.0.0.1:57982 - "GET /api/public/anomalies?days=90 HTTP/1.1" 200 OK
INFO:     127.0.0.1:57985 - "GET /api/public/summary HTTP/1.1" 200 OK
2026-09-30 12:50:14,197 [INFO] scrapers.config_scraper: [simulated_air_india] Parsed 1 records for DEL-BOM (T+1)
2026-09-30 12:50:14,200 [INFO] scrapers.config_scraper: [simulated_cleartrip] Parsed 1 records for DEL-BOM (T+1)
2026-09-30 12:50:14,202 [INFO] scrapers.config_scraper: [simulated_indigo] Parsed 4 records for DEL-BOM (T+1)
2026-09-30 12:50:14,206 [INFO] scrapers.config_scraper: [simulated_ixigo] Parsed 1 records for DEL-BOM (T+1)
2026-09-30 12:50:14,208 [INFO] scrapers.config_scraper: [simulated_makemytrip] Parsed 5 records for DEL-BOM (T+1)
2026-09-30 12:50:14,209 [INFO] scrapers.config_scraper: [simulated_air_india] Parsed 1 records for DEL-BOM (T+7)
2026-09-30 12:50:14,212 [INFO] scrapers.config_scraper: [simulated_cleartrip] Parsed 1 records for DEL-BOM (T+7)
2026-09-30 12:50:14,215 [INFO] scrapers.config_scraper: [simulated_indigo] Parsed 4 records for DEL-BOM (T+7)
2026-09-30 12:50:14,216 [INFO] scrapers.config_scraper: [simulated_ixigo] Parsed 1 records for DEL-BOM (T+7)
2026-09-30 12:50:14,218 [INFO] scrapers.config_scraper: [simulated_makemytrip] Parsed 5 records for DEL-BOM (T+7)
2026-09-30 12:50:14,220 [INFO] scrapers.config_scraper: [simulated_air_india] Parsed 1 records for DEL-BOM (T+15)
2026-09-30 12:50:14,222 [INFO] scrapers.config_scraper: [simulated_cleartrip] Parsed 1 records for DEL-BOM (T+15)
2026-09-30 12:50:14,223 [INFO] scrapers.config_scraper: [simulated_indigo] Parsed 4 records for DEL-BOM (T+15)
2026-09-30 12:50:14,224 [INFO] scrapers.config_scraper: [simulated_ixigo] Parsed 1 records for DEL-BOM (T+15)
2026-09-30 12:50:14,225 [INFO] scrapers.config_scraper: [simulated_makemytrip] Parsed 5 records for DEL-BOM (T+15)
2026-09-30 12:50:14,227 [INFO] scrapers.config_scraper: [simulated_air_india] Parsed 1 records for DEL-BOM (T+30)
2026-09-30 12:50:14,230 [INFO] scrapers.config_scraper: [simulated_cleartrip] Parsed 1 records for DEL-BOM (T+30)
2026-09-30 12:50:14,232 [INFO] scrapers.config_scraper: [simulated_indigo] Parsed 4 records for DEL-BOM (T+30)
2026-09-30 12:50:14,233 [INFO] scrapers.config_scraper: [simulated_ixigo] Parsed 1 records for DEL-BOM (T+30)
2026-09-30 12:50:14,235 [INFO] scrapers.config_scraper: [simulated_makemytrip] Parsed 5 records for DEL-BOM (T+30)
2026-09-30 12:50:14,236 [INFO] scrapers.config_scraper: [simulated_air_india] Parsed 1 records for DEL-BOM (T+45)
2026-09-30 12:50:14,238 [INFO] scrapers.config_scraper: [simulated_cleartrip] Parsed 1 records for DEL-BOM (T+45)
2026-09-30 12:50:14,239 [INFO] scrapers.config_scraper: [simulated_indigo] Parsed 4 records for DEL-BOM (T+45)
2026-09-30 12:50:14,241 [INFO] scrapers.config_scraper: [simulated_ixigo] Parsed 1 records for DEL-BOM (T+45)
2026-09-30 12:50:14,243 [INFO] scrapers.config_scraper: [simulated_makemytrip] Parsed 5 records for DEL-BOM (T+45)
2026-09-30 12:50:14,244 [INFO] scrapers.config_scraper: [simulated_air_india] Parsed 1 records for DEL-BLR (T+1)
2026-09-30 12:50:14,245 [INFO] scrapers.config_scraper: [simulated_cleartrip] Parsed 1 records for DEL-BLR (T+1)
2026-09-30 12:50:14,247 [INFO] scrapers.config_scraper: [simulated_indigo] Parsed 3 records for DEL-BLR (T+1)
2026-09-30 12:50:14,248 [INFO] scrapers.config_scraper: [simulated_ixigo] Parsed 1 records for DEL-BLR (T+1)
2026-09-30 12:50:14,249 [INFO] scrapers.config_scraper: [simulated_makemytrip] Parsed 3 records for DEL-BLR (T+1)
2026-09-30 12:50:14,250 [INFO] scrapers.config_scraper: [simulated_air_india] Parsed 1 records for DEL-BLR (T+7)
2026-09-30 12:50:14,251 [INFO] scrapers.config_scraper: [simulated_cleartrip] Parsed 1 records for DEL-BLR (T+7)
2026-09-30 12:50:14,253 [INFO] scrapers.config_scraper: [simulated_indigo] Parsed 3 records for DEL-BLR (T+7)
2026-09-30 12:50:14,254 [INFO] scrapers.config_scraper: [simulated_ixigo] Parsed 1 records for DEL-BLR (T+7)
2026-09-30 12:50:14,255 [INFO] scrapers.config_scraper: [simulated_makemytrip] Parsed 3 records for DEL-BLR (T+7)
2026-09-30 12:50:14,256 [INFO] scrapers.config_scraper: [simulated_air_india] Parsed 1 records for DEL-BLR (T+15)
2026-09-30 12:50:14,257 [INFO] scrapers.config_scraper: [simulated_cleartrip] Parsed 1 records for DEL-BLR (T+15)
2026-09-30 12:50:14,258 [INFO] scrapers.config_scraper: [simulated_indigo] Parsed 3 records for DEL-BLR (T+15)
2026-09-30 12:50:14,259 [INFO] scrapers.config_scraper: [simulated_ixigo] Parsed 1 records for DEL-BLR (T+15)
2026-09-30 12:50:14,263 [INFO] scrapers.config_scraper: [simulated_makemytrip] Parsed 3 records for DEL-BLR (T+15)
2026-09-30 12:50:14,264 [INFO] scrapers.config_scraper: [simulated_air_india] Parsed 1 records for DEL-BLR (T+30)
2026-09-30 12:50:14,265 [INFO] scrapers.config_scraper: [simulated_cleartrip] Parsed 1 records for DEL-BLR (T+30)
2026-09-30 12:50:14,267 [INFO] scrapers.config_scraper: [simulated_indigo] Parsed 3 records for DEL-BLR (T+30)
2026-09-30 12:50:14,268 [INFO] scrapers.config_scraper: [simulated_ixigo] Parsed 1 records for DEL-BLR (T+30)
2026-09-30 12:50:14,270 [INFO] scrapers.config_scraper: [simulated_makemytrip] Parsed 3 records for DEL-BLR (T+30)
2026-09-30 12:50:14,272 [INFO] scrapers.config_scraper: [simulated_air_india] Parsed 1 records for DEL-BLR (T+45)
2026-09-30 12:50:14,273 [INFO] scrapers.config_scraper: [simulated_cleartrip] Parsed 1 records for DEL-BLR (T+45)
2026-09-30 12:50:14,275 [INFO] scrapers.config_scraper: [simulated_indigo] Parsed 3 records for DEL-BLR (T+45)
2026-09-30 12:50:14,276 [INFO] scrapers.config_scraper: [simulated_ixigo] Parsed 1 records for DEL-BLR (T+45)
2026-09-30 12:50:14,278 [INFO] scrapers.config_scraper: [simulated_makemytrip] Parsed 3 records for DEL-BLR (T+45)
2026-09-30 12:50:14,280 [INFO] scrapers.config_scraper: [simulated_air_india] Parsed 1 records for BOM-BLR (T+1)
2026-09-30 12:50:14,281 [INFO] scrapers.config_scraper: [simulated_cleartrip] Parsed 1 records for BOM-BLR (T+1)
2026-09-30 12:50:14,283 [INFO] scrapers.config_scraper: [simulated_indigo] Parsed 3 records for BOM-BLR (T+1)
2026-09-30 12:50:14,283 [INFO] scrapers.config_scraper: [simulated_ixigo] Parsed 1 records for BOM-BLR (T+1)
2026-09-30 12:50:14,285 [INFO] scrapers.config_scraper: [simulated_makemytrip] Parsed 3 records for BOM-BLR (T+1)
2026-09-30 12:50:14,286 [INFO] scrapers.config_scraper: [simulated_air_india] Parsed 1 records for BOM-BLR (T+7)
2026-09-30 12:50:14,287 [INFO] scrapers.config_scraper: [simulated_cleartrip] Parsed 1 records for BOM-BLR (T+7)
2026-09-30 12:50:14,288 [INFO] scrapers.config_scraper: [simulated_indigo] Parsed 3 records for BOM-BLR (T+7)
2026-09-30 12:50:14,290 [INFO] scrapers.config_scraper: [simulated_ixigo] Parsed 1 records for BOM-BLR (T+7)
2026-09-30 12:50:14,291 [INFO] scrapers.config_scraper: [simulated_makemytrip] Parsed 3 records for BOM-BLR (T+7)
2026-09-30 12:50:14,292 [INFO] scrapers.config_scraper: [simulated_air_india] Parsed 1 records for BOM-BLR (T+15)
2026-09-30 12:50:14,294 [INFO] scrapers.config_scraper: [simulated_cleartrip] Parsed 1 records for BOM-BLR (T+15)
2026-09-30 12:50:14,295 [INFO] scrapers.config_scraper: [simulated_indigo] Parsed 3 records for BOM-BLR (T+15)
2026-09-30 12:50:14,297 [INFO] scrapers.config_scraper: [simulated_ixigo] Parsed 1 records for BOM-BLR (T+15)
2026-09-30 12:50:14,298 [INFO] scrapers.config_scraper: [simulated_makemytrip] Parsed 3 records for BOM-BLR (T+15)
2026-09-30 12:50:14,299 [INFO] scrapers.config_scraper: [simulated_air_india] Parsed 1 records for BOM-BLR (T+30)
2026-09-30 12:50:14,300 [INFO] scrapers.config_scraper: [simulated_cleartrip] Parsed 1 records for BOM-BLR (T+30)
2026-09-30 12:50:14,301 [INFO] scrapers.config_scraper: [simulated_indigo] Parsed 3 records for BOM-BLR (T+30)
2026-09-30 12:50:14,302 [INFO] scrapers.config_scraper: [simulated_ixigo] Parsed 1 records for BOM-BLR (T+30)
2026-09-30 12:50:14,304 [INFO] scrapers.config_scraper: [simulated_makemytrip] Parsed 3 records for BOM-BLR (T+30)
2026-09-30 12:50:14,305 [INFO] scrapers.config_scraper: [simulated_air_india] Parsed 1 records for BOM-BLR (T+45)
2026-09-30 12:50:14,306 [INFO] scrapers.config_scraper: [simulated_cleartrip] Parsed 1 records for BOM-BLR (T+45)
2026-09-30 12:50:14,308 [INFO] scrapers.config_scraper: [simulated_indigo] Parsed 3 records for BOM-BLR (T+45)
2026-09-30 12:50:14,309 [INFO] scrapers.config_scraper: [simulated_ixigo] Parsed 1 records for BOM-BLR (T+45)
2026-09-30 12:50:14,311 [INFO] scrapers.config_scraper: [simulated_makemytrip] Parsed 3 records for BOM-BLR (T+45)
2026-09-30 12:50:14,317 [INFO] pipeline.outlier_detection: Pipeline Quality Audit Complete: 150 raw -> 150 CPI eligible (0 dups, 0 outliers, 0 sold-out, Quality=100.0%)
INFO:     127.0.0.1:51045 - "GET /api/pipeline/clean HTTP/1.1" 200 OK
2026-09-30 12:50:14,455 [INFO] scrapers.config_scraper: [simulated_air_india] Parsed 1 records for DEL-BOM (T+1)
2026-09-30 12:50:14,456 [INFO] scrapers.config_scraper: [simulated_cleartrip] Parsed 1 records for DEL-BOM (T+1)
2026-09-30 12:50:14,458 [INFO] scrapers.config_scraper: [simulated_indigo] Parsed 4 records for DEL-BOM (T+1)
2026-09-30 12:50:14,459 [INFO] scrapers.config_scraper: [simulated_ixigo] Parsed 1 records for DEL-BOM (T+1)
2026-09-30 12:50:14,461 [INFO] scrapers.config_scraper: [simulated_makemytrip] Parsed 5 records for DEL-BOM (T+1)
2026-09-30 12:50:14,463 [INFO] scrapers.config_scraper: [simulated_air_india] Parsed 1 records for DEL-BOM (T+7)
2026-09-30 12:50:14,464 [INFO] scrapers.config_scraper: [simulated_cleartrip] Parsed 1 records for DEL-BOM (T+7)
2026-09-30 12:50:14,465 [INFO] scrapers.config_scraper: [simulated_indigo] Parsed 4 records for DEL-BOM (T+7)
2026-09-30 12:50:14,466 [INFO] scrapers.config_scraper: [simulated_ixigo] Parsed 1 records for DEL-BOM (T+7)
2026-09-30 12:50:14,467 [INFO] scrapers.config_scraper: [simulated_makemytrip] Parsed 5 records for DEL-BOM (T+7)
2026-09-30 12:50:14,469 [INFO] scrapers.config_scraper: [simulated_air_india] Parsed 1 records for DEL-BOM (T+15)
2026-09-30 12:50:14,470 [INFO] scrapers.config_scraper: [simulated_cleartrip] Parsed 1 records for DEL-BOM (T+15)
2026-09-30 12:50:14,472 [INFO] scrapers.config_scraper: [simulated_indigo] Parsed 4 records for DEL-BOM (T+15)
2026-09-30 12:50:14,473 [INFO] scrapers.config_scraper: [simulated_ixigo] Parsed 1 records for DEL-BOM (T+15)
2026-09-30 12:50:14,474 [INFO] scrapers.config_scraper: [simulated_makemytrip] Parsed 5 records for DEL-BOM (T+15)
2026-09-30 12:50:14,476 [INFO] scrapers.config_scraper: [simulated_air_india] Parsed 1 records for DEL-BOM (T+30)
2026-09-30 12:50:14,479 [INFO] scrapers.config_scraper: [simulated_cleartrip] Parsed 1 records for DEL-BOM (T+30)
2026-09-30 12:50:14,482 [INFO] scrapers.config_scraper: [simulated_indigo] Parsed 4 records for DEL-BOM (T+30)
2026-09-30 12:50:14,483 [INFO] scrapers.config_scraper: [simulated_ixigo] Parsed 1 records for DEL-BOM (T+30)
2026-09-30 12:50:14,484 [INFO] scrapers.config_scraper: [simulated_makemytrip] Parsed 5 records for DEL-BOM (T+30)
2026-09-30 12:50:14,486 [INFO] scrapers.config_scraper: [simulated_air_india] Parsed 1 records for DEL-BOM (T+45)
2026-09-30 12:50:14,488 [INFO] scrapers.config_scraper: [simulated_cleartrip] Parsed 1 records for DEL-BOM (T+45)
2026-09-30 12:50:14,489 [INFO] scrapers.config_scraper: [simulated_indigo] Parsed 4 records for DEL-BOM (T+45)
2026-09-30 12:50:14,490 [INFO] scrapers.config_scraper: [simulated_ixigo] Parsed 1 records for DEL-BOM (T+45)
2026-09-30 12:50:14,492 [INFO] scrapers.config_scraper: [simulated_makemytrip] Parsed 5 records for DEL-BOM (T+45)
2026-09-30 12:50:14,493 [INFO] scrapers.config_scraper: [simulated_air_india] Parsed 1 records for DEL-BLR (T+1)
2026-09-30 12:50:14,495 [INFO] scrapers.config_scraper: [simulated_cleartrip] Parsed 1 records for DEL-BLR (T+1)
2026-09-30 12:50:14,497 [INFO] scrapers.config_scraper: [simulated_indigo] Parsed 3 records for DEL-BLR (T+1)
2026-09-30 12:50:14,498 [INFO] scrapers.config_scraper: [simulated_ixigo] Parsed 1 records for DEL-BLR (T+1)
2026-09-30 12:50:14,499 [INFO] scrapers.config_scraper: [simulated_makemytrip] Parsed 3 records for DEL-BLR (T+1)
2026-09-30 12:50:14,501 [INFO] scrapers.config_scraper: [simulated_air_india] Parsed 1 records for DEL-BLR (T+7)
2026-09-30 12:50:14,503 [INFO] scrapers.config_scraper: [simulated_cleartrip] Parsed 1 records for DEL-BLR (T+7)
2026-09-30 12:50:14,506 [INFO] scrapers.config_scraper: [simulated_indigo] Parsed 3 records for DEL-BLR (T+7)
2026-09-30 12:50:14,508 [INFO] scrapers.config_scraper: [simulated_ixigo] Parsed 1 records for DEL-BLR (T+7)
2026-09-30 12:50:14,510 [INFO] scrapers.config_scraper: [simulated_makemytrip] Parsed 3 records for DEL-BLR (T+7)
2026-09-30 12:50:14,513 [INFO] scrapers.config_scraper: [simulated_air_india] Parsed 1 records for DEL-BLR (T+15)
2026-09-30 12:50:14,514 [INFO] scrapers.config_scraper: [simulated_cleartrip] Parsed 1 records for DEL-BLR (T+15)
2026-09-30 12:50:14,516 [INFO] scrapers.config_scraper: [simulated_indigo] Parsed 3 records for DEL-BLR (T+15)
2026-09-30 12:50:14,530 [INFO] scrapers.config_scraper: [simulated_ixigo] Parsed 1 records for DEL-BLR (T+15)
2026-09-30 12:50:14,540 [INFO] scrapers.config_scraper: [simulated_makemytrip] Parsed 3 records for DEL-BLR (T+15)
2026-09-30 12:50:14,550 [INFO] scrapers.config_scraper: [simulated_air_india] Parsed 1 records for DEL-BLR (T+30)
2026-09-30 12:50:14,554 [INFO] scrapers.config_scraper: [simulated_cleartrip] Parsed 1 records for DEL-BLR (T+30)
2026-09-30 12:50:14,555 [INFO] scrapers.config_scraper: [simulated_indigo] Parsed 3 records for DEL-BLR (T+30)
2026-09-30 12:50:14,566 [INFO] scrapers.config_scraper: [simulated_ixigo] Parsed 1 records for DEL-BLR (T+30)
2026-09-30 12:50:14,568 [INFO] scrapers.config_scraper: [simulated_makemytrip] Parsed 3 records for DEL-BLR (T+30)
2026-09-30 12:50:14,571 [INFO] scrapers.config_scraper: [simulated_air_india] Parsed 1 records for DEL-BLR (T+45)
2026-09-30 12:50:14,572 [INFO] scrapers.config_scraper: [simulated_cleartrip] Parsed 1 records for DEL-BLR (T+45)
2026-09-30 12:50:14,573 [INFO] scrapers.config_scraper: [simulated_indigo] Parsed 3 records for DEL-BLR (T+45)
2026-09-30 12:50:14,576 [INFO] scrapers.config_scraper: [simulated_ixigo] Parsed 1 records for DEL-BLR (T+45)
2026-09-30 12:50:14,581 [INFO] scrapers.config_scraper: [simulated_makemytrip] Parsed 3 records for DEL-BLR (T+45)
2026-09-30 12:50:14,586 [INFO] scrapers.config_scraper: [simulated_air_india] Parsed 1 records for BOM-BLR (T+1)
2026-09-30 12:50:14,601 [INFO] scrapers.config_scraper: [simulated_cleartrip] Parsed 1 records for BOM-BLR (T+1)
2026-09-30 12:50:14,605 [INFO] scrapers.config_scraper: [simulated_indigo] Parsed 3 records for BOM-BLR (T+1)
2026-09-30 12:50:14,609 [INFO] scrapers.config_scraper: [simulated_ixigo] Parsed 1 records for BOM-BLR (T+1)
2026-09-30 12:50:14,610 [INFO] scrapers.config_scraper: [simulated_makemytrip] Parsed 3 records for BOM-BLR (T+1)
2026-09-30 12:50:14,614 [INFO] scrapers.config_scraper: [simulated_air_india] Parsed 1 records for BOM-BLR (T+7)
2026-09-30 12:50:14,617 [INFO] scrapers.config_scraper: [simulated_cleartrip] Parsed 1 records for BOM-BLR (T+7)
2026-09-30 12:50:14,621 [INFO] scrapers.config_scraper: [simulated_indigo] Parsed 3 records for BOM-BLR (T+7)
2026-09-30 12:50:14,624 [INFO] scrapers.config_scraper: [simulated_ixigo] Parsed 1 records for BOM-BLR (T+7)
2026-09-30 12:50:14,626 [INFO] scrapers.config_scraper: [simulated_makemytrip] Parsed 3 records for BOM-BLR (T+7)
2026-09-30 12:50:14,628 [INFO] scrapers.config_scraper: [simulated_air_india] Parsed 1 records for BOM-BLR (T+15)
2026-09-30 12:50:14,633 [INFO] scrapers.config_scraper: [simulated_cleartrip] Parsed 1 records for BOM-BLR (T+15)
2026-09-30 12:50:14,637 [INFO] scrapers.config_scraper: [simulated_indigo] Parsed 3 records for BOM-BLR (T+15)
2026-09-30 12:50:14,638 [INFO] scrapers.config_scraper: [simulated_ixigo] Parsed 1 records for BOM-BLR (T+15)
2026-09-30 12:50:14,645 [INFO] scrapers.config_scraper: [simulated_makemytrip] Parsed 3 records for BOM-BLR (T+15)
2026-09-30 12:50:14,652 [INFO] scrapers.config_scraper: [simulated_air_india] Parsed 1 records for BOM-BLR (T+30)
2026-09-30 12:50:14,654 [INFO] scrapers.config_scraper: [simulated_cleartrip] Parsed 1 records for BOM-BLR (T+30)
2026-09-30 12:50:14,655 [INFO] scrapers.config_scraper: [simulated_indigo] Parsed 3 records for BOM-BLR (T+30)
2026-09-30 12:50:14,658 [INFO] scrapers.config_scraper: [simulated_ixigo] Parsed 1 records for BOM-BLR (T+30)
2026-09-30 12:50:14,659 [INFO] scrapers.config_scraper: [simulated_makemytrip] Parsed 3 records for BOM-BLR (T+30)
2026-09-30 12:50:14,662 [INFO] scrapers.config_scraper: [simulated_air_india] Parsed 1 records for BOM-BLR (T+45)
2026-09-30 12:50:14,664 [INFO] scrapers.config_scraper: [simulated_cleartrip] Parsed 1 records for BOM-BLR (T+45)
2026-09-30 12:50:14,692 [INFO] scrapers.config_scraper: [simulated_indigo] Parsed 3 records for BOM-BLR (T+45)
2026-09-30 12:50:14,697 [INFO] scrapers.config_scraper: [simulated_ixigo] Parsed 1 records for BOM-BLR (T+45)
2026-09-30 12:50:14,703 [INFO] scrapers.config_scraper: [simulated_makemytrip] Parsed 3 records for BOM-BLR (T+45)
2026-09-30 12:50:14,716 [INFO] pipeline.outlier_detection: Pipeline Quality Audit Complete: 150 raw -> 150 CPI eligible (0 dups, 0 outliers, 0 sold-out, Quality=100.0%)
INFO:     127.0.0.1:51045 - "GET /api/pipeline/clean HTTP/1.1" 200 OK
INFO:     127.0.0.1:65312 - "GET /api/metadata/routes HTTP/1.1" 200 OK
